// Jest Snapshot v1, https://goo.gl/fbAQLP

exports[`ListingDetailsProcess renders leasing agent section if exists 1`] = `
Array [
  <section
    className="aside-block"
  >
    <h4
      className="text-caps-underline"
    >
      What to Expect
    </h4>
    <div
      className="text-tiny text-gray-750"
    >
      <span>
        Applicants will be contacted by the agent in lottery rank order until vacancies are filled.
      </span>
      <div
        className="mt-2"
      >
        <div>
          <button
            aria-expanded={false}
            className="button is-unstyled m-0 no-underline has-toggle"
            onClick={[Function]}
            type="button"
          >
            Read More
          </button>
        </div>
      </div>
    </div>
  </section>,
  <section
    className="aside-block"
  >
    <h4
      className="text-caps-underline undefined"
    >
      Contact
    </h4>
    <p
      className="text-xl"
    >
      Kathryn Kelley
    </p>
    <p
      className="text-gray-700"
    >
      Leasing Agent
    </p>
    <p
      className="mt-3"
    >
      <a
        href="tel:Call 4158728106"
      >
        <span
          className="ui-icon ui-medium pr-2"
          data-test-id={null}
        >
          <svg
            fill="#0077DA"
            viewBox="0 0 32 32"
          >
            <path
              d="M22 20c-2 2-2 4-4 4s-4-2-6-4-4-4-4-6 2-2 4-4-4-8-6-8-6 6-6 6c0 4 4.109 12.109 8 16s12 8 16 8c0 0 6-4 6-6s-6-8-8-6z"
            />
          </svg>
        </span>
        Call 415-872-8106
      </a>
    </p>
    <p
      className="text-sm text-gray-700"
    >
      Due to high call volume you may hear a message.
    </p>
    <p
      className="my-3"
    >
      <a
        href="mailto:ldavis3@eqr.com"
      >
        <span
          className="ui-icon ui-medium pr-2"
          data-test-id={null}
        >
          <svg
            fill="#0077DA"
            viewBox="0 0 32 32"
          >
            <path
              d="M29.091 27.637h-26.182c-1.606 0-2.909-1.304-2.909-2.909v-17.454c0-1.606 1.304-2.909 2.909-2.909h26.182c1.606 0 2.909 1.304 2.909 2.909v17.454c0 1.606-1.304 2.909-2.909 2.909zM27.637 24.728l-8.338-7.296-3.299 2.933-3.299-2.933-8.338 7.296h23.272zM2.909 23.272l8.182-7.272-8.182-7.272v14.546zM4.363 7.272l11.637 10.182 11.637-10.182h-23.272zM29.091 8.728l-8.182 7.272 8.182 7.272v-14.546z"
            />
          </svg>
        </span>
        Email
      </a>
    </p>
    <h3
      className="text-caps-tiny undefined"
    >
      Office Hours
    </h3>
    <div
      className="text-gray-800 text-tiny markdown"
    >
      Monday - Friday 10:00 AM - 6:00 PM
    </div>
  </section>,
]
`;
