// Jest Snapshot v1, https://goo.gl/fbAQLP

exports[`ListingDetailsPricingTable does not render ListingDetailsPricingTable when habitat listing 1`] = `
<div
  className="md:pr-8 md:w-2/3 mx-2 w-full"
>
  <ul>
    <li>
      <p>
        1 person household: 51,300 to 61,300 per year
      </p>
    </li>
    <li>
      <p>
        2 people household: 58,600 to 68,600 per year
      </p>
    </li>
    <li>
      <p>
        3 people household: 65,950 to 75,950 per year
      </p>
    </li>
    <li>
      <p>
        4 people household: 73,250 to 83,250 per year
      </p>
    </li>
    <li>
      <p>
        5 people household: 79,100 to 99,100 per year
      </p>
    </li>
    <li>
      <p>
        6 people household: 85,000 to 95,000 per year
      </p>
    </li>
    <li>
      <p>
        7 people household: 90,850 to 100,850 per year
      </p>
    </li>
    <li>
      <p>
        8 people household: 96,700 to 106,700 per year
      </p>
    </li>
    <li>
      <p>
        9 people household: 102,600 to 112,600 per year
      </p>
    </li>
  </ul>
</div>
`;

exports[`ListingDetailsPricingTable renders ListingDetailsPricingTable component when rental listing 1`] = `
<div
  className="md:my-6 md:pr-8 sm:px-4 lg:px-0 md:w-2/3 px-2 w-full"
>
  <div
    className="mb-4"
  >
    <button
      aria-expanded={false}
      className="w-full text-left "
      data-test-id="content-accordion-button"
      onClick={[Function]}
    >
      <div
        className="flex justify-between mt-4  accordion-gray-theme__bar "
      >
        <span
          className="flex w-full justify-between items-center"
        >
          <span
            className="flex items-center"
          >
            1 person in household
          </span>
          <span
            className="flex items-center mr-2"
          >
            <div>
              Income $100 to $5,941 per month
            </div>
          </span>
        </span>
        <span
          className="ui-icon ui-base flex items-center"
          data-test-id="accordion-open"
        >
          <svg
            fill="#0077DA"
            viewBox="0 0 32 32"
          >
            <path
              d="M28.267 6.133l-12.267 12.267-12.267-12.267-3.733 3.733 16 16 16-16z"
            />
          </svg>
        </span>
      </div>
    </button>
  </div>
  <div
    className="mb-4"
  >
    <button
      aria-expanded={false}
      className="w-full text-left "
      data-test-id="content-accordion-button"
      onClick={[Function]}
    >
      <div
        className="flex justify-between mt-4  accordion-gray-theme__bar "
      >
        <span
          className="flex w-full justify-between items-center"
        >
          <span
            className="flex items-center"
          >
            2 people in household
          </span>
          <span
            className="flex items-center mr-2"
          >
            <div>
              Income $7 to $6,550 per month
            </div>
          </span>
        </span>
        <span
          className="ui-icon ui-base flex items-center"
          data-test-id="accordion-open"
        >
          <svg
            fill="#0077DA"
            viewBox="0 0 32 32"
          >
            <path
              d="M28.267 6.133l-12.267 12.267-12.267-12.267-3.733 3.733 16 16 16-16z"
            />
          </svg>
        </span>
      </div>
    </button>
  </div>
  <div
    className="mb-4"
  >
    <button
      aria-expanded={false}
      className="w-full text-left "
      data-test-id="content-accordion-button"
      onClick={[Function]}
    >
      <div
        className="flex justify-between mt-4  accordion-gray-theme__bar "
      >
        <span
          className="flex w-full justify-between items-center"
        >
          <span
            className="flex items-center"
          >
            3 people in household
          </span>
          <span
            className="flex items-center mr-2"
          >
            <div>
              Income $7 to $6,329 per month
            </div>
          </span>
        </span>
        <span
          className="ui-icon ui-base flex items-center"
          data-test-id="accordion-open"
        >
          <svg
            fill="#0077DA"
            viewBox="0 0 32 32"
          >
            <path
              d="M28.267 6.133l-12.267 12.267-12.267-12.267-3.733 3.733 16 16 16-16z"
            />
          </svg>
        </span>
      </div>
    </button>
  </div>
  <div
    className="mb-4"
  >
    <button
      aria-expanded={false}
      className="w-full text-left "
      data-test-id="content-accordion-button"
      onClick={[Function]}
    >
      <div
        className="flex justify-between mt-4  accordion-gray-theme__bar "
      >
        <span
          className="flex w-full justify-between items-center"
        >
          <span
            className="flex items-center"
          >
            4 people in household
          </span>
          <span
            className="flex items-center mr-2"
          >
            <div>
              Income $7 to $6,937 per month
            </div>
          </span>
        </span>
        <span
          className="ui-icon ui-base flex items-center"
          data-test-id="accordion-open"
        >
          <svg
            fill="#0077DA"
            viewBox="0 0 32 32"
          >
            <path
              d="M28.267 6.133l-12.267 12.267-12.267-12.267-3.733 3.733 16 16 16-16z"
            />
          </svg>
        </span>
      </div>
    </button>
  </div>
  <div
    className="mb-4"
  >
    <button
      aria-expanded={false}
      className="w-full text-left "
      data-test-id="content-accordion-button"
      onClick={[Function]}
    >
      <div
        className="flex justify-between mt-4  accordion-gray-theme__bar "
      >
        <span
          className="flex w-full justify-between items-center"
        >
          <span
            className="flex items-center"
          >
            5 people in household
          </span>
          <span
            className="flex items-center mr-2"
          >
            <div>
              Income $7 to $11,666 per month
            </div>
          </span>
        </span>
        <span
          className="ui-icon ui-base flex items-center"
          data-test-id="accordion-open"
        >
          <svg
            fill="#0077DA"
            viewBox="0 0 32 32"
          >
            <path
              d="M28.267 6.133l-12.267 12.267-12.267-12.267-3.733 3.733 16 16 16-16z"
            />
          </svg>
        </span>
      </div>
    </button>
  </div>
  <div
    className="mb-4"
  >
    <button
      aria-expanded={false}
      className="w-full text-left "
      data-test-id="content-accordion-button"
      onClick={[Function]}
    >
      <div
        className="flex justify-between mt-4  accordion-gray-theme__bar "
      >
        <span
          className="flex w-full justify-between items-center"
        >
          <span
            className="flex items-center"
          >
            6 people in household
          </span>
          <span
            className="flex items-center mr-2"
          >
            <div>
              Income $10 to $7,916 per month
            </div>
          </span>
        </span>
        <span
          className="ui-icon ui-base flex items-center"
          data-test-id="accordion-open"
        >
          <svg
            fill="#0077DA"
            viewBox="0 0 32 32"
          >
            <path
              d="M28.267 6.133l-12.267 12.267-12.267-12.267-3.733 3.733 16 16 16-16z"
            />
          </svg>
        </span>
      </div>
    </button>
  </div>
</div>
`;

exports[`ListingDetailsPricingTable renders ListingDetailsPricingTable component with open sale listing 1`] = `
<div
  className="md:my-6 md:pr-8 sm:px-4 lg:px-0 md:w-2/3 px-2 w-full"
>
  <div
    className="mb-4"
  >
    <button
      aria-expanded={false}
      className="w-full text-left "
      data-test-id="content-accordion-button"
      onClick={[Function]}
    >
      <div
        className="flex justify-between mt-4  accordion-gray-theme__bar "
      >
        <span
          className="flex w-full justify-between items-center"
        >
          <span
            className="flex items-center"
          >
            1 person in household
          </span>
          <span
            className="flex items-center mr-2"
          >
            <div>
              Income $100 to $5,941 per month
            </div>
          </span>
        </span>
        <span
          className="ui-icon ui-base flex items-center"
          data-test-id="accordion-open"
        >
          <svg
            fill="#0077DA"
            viewBox="0 0 32 32"
          >
            <path
              d="M28.267 6.133l-12.267 12.267-12.267-12.267-3.733 3.733 16 16 16-16z"
            />
          </svg>
        </span>
      </div>
    </button>
  </div>
  <div
    className="mb-4"
  >
    <button
      aria-expanded={false}
      className="w-full text-left "
      data-test-id="content-accordion-button"
      onClick={[Function]}
    >
      <div
        className="flex justify-between mt-4  accordion-gray-theme__bar "
      >
        <span
          className="flex w-full justify-between items-center"
        >
          <span
            className="flex items-center"
          >
            2 people in household
          </span>
          <span
            className="flex items-center mr-2"
          >
            <div>
              Income $7 to $6,550 per month
            </div>
          </span>
        </span>
        <span
          className="ui-icon ui-base flex items-center"
          data-test-id="accordion-open"
        >
          <svg
            fill="#0077DA"
            viewBox="0 0 32 32"
          >
            <path
              d="M28.267 6.133l-12.267 12.267-12.267-12.267-3.733 3.733 16 16 16-16z"
            />
          </svg>
        </span>
      </div>
    </button>
  </div>
  <div
    className="mb-4"
  >
    <button
      aria-expanded={false}
      className="w-full text-left "
      data-test-id="content-accordion-button"
      onClick={[Function]}
    >
      <div
        className="flex justify-between mt-4  accordion-gray-theme__bar "
      >
        <span
          className="flex w-full justify-between items-center"
        >
          <span
            className="flex items-center"
          >
            3 people in household
          </span>
          <span
            className="flex items-center mr-2"
          >
            <div>
              Income $7 to $6,329 per month
            </div>
          </span>
        </span>
        <span
          className="ui-icon ui-base flex items-center"
          data-test-id="accordion-open"
        >
          <svg
            fill="#0077DA"
            viewBox="0 0 32 32"
          >
            <path
              d="M28.267 6.133l-12.267 12.267-12.267-12.267-3.733 3.733 16 16 16-16z"
            />
          </svg>
        </span>
      </div>
    </button>
  </div>
  <div
    className="mb-4"
  >
    <button
      aria-expanded={false}
      className="w-full text-left "
      data-test-id="content-accordion-button"
      onClick={[Function]}
    >
      <div
        className="flex justify-between mt-4  accordion-gray-theme__bar "
      >
        <span
          className="flex w-full justify-between items-center"
        >
          <span
            className="flex items-center"
          >
            4 people in household
          </span>
          <span
            className="flex items-center mr-2"
          >
            <div>
              Income $7 to $6,937 per month
            </div>
          </span>
        </span>
        <span
          className="ui-icon ui-base flex items-center"
          data-test-id="accordion-open"
        >
          <svg
            fill="#0077DA"
            viewBox="0 0 32 32"
          >
            <path
              d="M28.267 6.133l-12.267 12.267-12.267-12.267-3.733 3.733 16 16 16-16z"
            />
          </svg>
        </span>
      </div>
    </button>
  </div>
  <div
    className="mb-4"
  >
    <button
      aria-expanded={false}
      className="w-full text-left "
      data-test-id="content-accordion-button"
      onClick={[Function]}
    >
      <div
        className="flex justify-between mt-4  accordion-gray-theme__bar "
      >
        <span
          className="flex w-full justify-between items-center"
        >
          <span
            className="flex items-center"
          >
            5 people in household
          </span>
          <span
            className="flex items-center mr-2"
          >
            <div>
              Income $7 to $11,666 per month
            </div>
          </span>
        </span>
        <span
          className="ui-icon ui-base flex items-center"
          data-test-id="accordion-open"
        >
          <svg
            fill="#0077DA"
            viewBox="0 0 32 32"
          >
            <path
              d="M28.267 6.133l-12.267 12.267-12.267-12.267-3.733 3.733 16 16 16-16z"
            />
          </svg>
        </span>
      </div>
    </button>
  </div>
  <div
    className="mb-4"
  >
    <button
      aria-expanded={false}
      className="w-full text-left "
      data-test-id="content-accordion-button"
      onClick={[Function]}
    >
      <div
        className="flex justify-between mt-4  accordion-gray-theme__bar "
      >
        <span
          className="flex w-full justify-between items-center"
        >
          <span
            className="flex items-center"
          >
            6 people in household
          </span>
          <span
            className="flex items-center mr-2"
          >
            <div>
              Income $10 to $7,916 per month
            </div>
          </span>
        </span>
        <span
          className="ui-icon ui-base flex items-center"
          data-test-id="accordion-open"
        >
          <svg
            fill="#0077DA"
            viewBox="0 0 32 32"
          >
            <path
              d="M28.267 6.133l-12.267 12.267-12.267-12.267-3.733 3.733 16 16 16-16z"
            />
          </svg>
        </span>
      </div>
    </button>
  </div>
</div>
`;

exports[`ListingDetailsPricingTable renders ListingDetailsPricingTable component with rental listing 1`] = `
<div
  className="md:my-6 md:pr-8 sm:px-4 lg:px-0 md:w-2/3 px-2 w-full"
>
  <div
    className="mb-4"
  >
    <button
      aria-expanded={false}
      className="w-full text-left "
      data-test-id="content-accordion-button"
      onClick={[Function]}
    >
      <div
        className="flex justify-between mt-4  accordion-gray-theme__bar "
      >
        <span
          className="flex w-full justify-between items-center"
        >
          <span
            className="flex items-center"
          >
            1 person in household
          </span>
          <span
            className="flex items-center mr-2"
          >
            <div>
              Income $100 to $5,941 per month
            </div>
          </span>
        </span>
        <span
          className="ui-icon ui-base flex items-center"
          data-test-id="accordion-open"
        >
          <svg
            fill="#0077DA"
            viewBox="0 0 32 32"
          >
            <path
              d="M28.267 6.133l-12.267 12.267-12.267-12.267-3.733 3.733 16 16 16-16z"
            />
          </svg>
        </span>
      </div>
    </button>
  </div>
  <div
    className="mb-4"
  >
    <button
      aria-expanded={false}
      className="w-full text-left "
      data-test-id="content-accordion-button"
      onClick={[Function]}
    >
      <div
        className="flex justify-between mt-4  accordion-gray-theme__bar "
      >
        <span
          className="flex w-full justify-between items-center"
        >
          <span
            className="flex items-center"
          >
            2 people in household
          </span>
          <span
            className="flex items-center mr-2"
          >
            <div>
              Income $7 to $6,550 per month
            </div>
          </span>
        </span>
        <span
          className="ui-icon ui-base flex items-center"
          data-test-id="accordion-open"
        >
          <svg
            fill="#0077DA"
            viewBox="0 0 32 32"
          >
            <path
              d="M28.267 6.133l-12.267 12.267-12.267-12.267-3.733 3.733 16 16 16-16z"
            />
          </svg>
        </span>
      </div>
    </button>
  </div>
  <div
    className="mb-4"
  >
    <button
      aria-expanded={false}
      className="w-full text-left "
      data-test-id="content-accordion-button"
      onClick={[Function]}
    >
      <div
        className="flex justify-between mt-4  accordion-gray-theme__bar "
      >
        <span
          className="flex w-full justify-between items-center"
        >
          <span
            className="flex items-center"
          >
            3 people in household
          </span>
          <span
            className="flex items-center mr-2"
          >
            <div>
              Income $7 to $6,329 per month
            </div>
          </span>
        </span>
        <span
          className="ui-icon ui-base flex items-center"
          data-test-id="accordion-open"
        >
          <svg
            fill="#0077DA"
            viewBox="0 0 32 32"
          >
            <path
              d="M28.267 6.133l-12.267 12.267-12.267-12.267-3.733 3.733 16 16 16-16z"
            />
          </svg>
        </span>
      </div>
    </button>
  </div>
  <div
    className="mb-4"
  >
    <button
      aria-expanded={false}
      className="w-full text-left "
      data-test-id="content-accordion-button"
      onClick={[Function]}
    >
      <div
        className="flex justify-between mt-4  accordion-gray-theme__bar "
      >
        <span
          className="flex w-full justify-between items-center"
        >
          <span
            className="flex items-center"
          >
            4 people in household
          </span>
          <span
            className="flex items-center mr-2"
          >
            <div>
              Income $7 to $6,937 per month
            </div>
          </span>
        </span>
        <span
          className="ui-icon ui-base flex items-center"
          data-test-id="accordion-open"
        >
          <svg
            fill="#0077DA"
            viewBox="0 0 32 32"
          >
            <path
              d="M28.267 6.133l-12.267 12.267-12.267-12.267-3.733 3.733 16 16 16-16z"
            />
          </svg>
        </span>
      </div>
    </button>
  </div>
  <div
    className="mb-4"
  >
    <button
      aria-expanded={false}
      className="w-full text-left "
      data-test-id="content-accordion-button"
      onClick={[Function]}
    >
      <div
        className="flex justify-between mt-4  accordion-gray-theme__bar "
      >
        <span
          className="flex w-full justify-between items-center"
        >
          <span
            className="flex items-center"
          >
            5 people in household
          </span>
          <span
            className="flex items-center mr-2"
          >
            <div>
              Income $7 to $11,666 per month
            </div>
          </span>
        </span>
        <span
          className="ui-icon ui-base flex items-center"
          data-test-id="accordion-open"
        >
          <svg
            fill="#0077DA"
            viewBox="0 0 32 32"
          >
            <path
              d="M28.267 6.133l-12.267 12.267-12.267-12.267-3.733 3.733 16 16 16-16z"
            />
          </svg>
        </span>
      </div>
    </button>
  </div>
  <div
    className="mb-4"
  >
    <button
      aria-expanded={false}
      className="w-full text-left "
      data-test-id="content-accordion-button"
      onClick={[Function]}
    >
      <div
        className="flex justify-between mt-4  accordion-gray-theme__bar "
      >
        <span
          className="flex w-full justify-between items-center"
        >
          <span
            className="flex items-center"
          >
            6 people in household
          </span>
          <span
            className="flex items-center mr-2"
          >
            <div>
              Income $10 to $7,916 per month
            </div>
          </span>
        </span>
        <span
          className="ui-icon ui-base flex items-center"
          data-test-id="accordion-open"
        >
          <svg
            fill="#0077DA"
            viewBox="0 0 32 32"
          >
            <path
              d="M28.267 6.133l-12.267 12.267-12.267-12.267-3.733 3.733 16 16 16-16z"
            />
          </svg>
        </span>
      </div>
    </button>
  </div>
</div>
`;

exports[`ListingDetailsPricingTable renders ListingDetailsPricingTable component with spinner before api call 1`] = `
<div
  className="flex justify-center md:my-6 md:pr-8 md:px-0 md:w-2/3 px-3 w-full"
>
  <span
    className="ui-icon ui-large spinner-animation"
    data-test-id={null}
  >
    <svg
      fill="currentColor"
      viewBox="0 0 100 100"
    >
      <circle
        cx="50"
        cy="50"
        fill="none"
        r="32"
        stroke="currentColor"
        strokeDasharray="150.79644737231007 52.26548245743669"
        strokeWidth="9"
      />
    </svg>
  </span>
</div>
`;
