// Jest Snapshot v1, https://goo.gl/fbAQLP

exports[`ListingDetailsHabitat displays habitat info when habitat listing 1`] = `
<div
  className="md:pr-8 md:w-2/3 mt-4 mx-2 w-full"
>
  <h4
    className="text-caps-underline undefined"
  >
    Payments
  </h4>
  <p>
    Your monthly housing payment will be 30% of your gross monthly income. The housing payment includes your mortgage, property tax, insurance, HOA fee, and utilities.
  </p>
  <h4
    className="text-caps-underline mt-8"
  >
    Sweat Equity
  </h4>
  <p>
    You do not need to pay a down payment. You do need to complete 500 hours of sweat equity. Sweat equity is volunteer hours that you and your friends and family do.
  </p>
  <p
    className="mt-4"
  >
    If you are concerned about your ability to complete 500 hours of sweat equity, reach out to Habitat for Humanity Greater San Francisco to ask how they can help.
  </p>
  <h4
    className="text-caps-underline mt-8"
  >
    Application Process
  </h4>
  <p>
    <p>
      These units are offered by 
      <a
        href="https://habitatgsf.org/amber-drive-info/"
        target="_blank"
      >
        Habitat for Humanity Greater San Francisco
      </a>
       in partnership with MOHCD
    </p>
  </p>
  <ol
    className="list-decimal ml-8 mt-4"
  >
    <li>
      <p>
        You must go to a 
        <a
          href="https://habitatgsf.org/amber-drive-info/"
          target="_blank"
        >
          Habitat for Humanity information session
        </a>
        .
      </p>
    </li>
    <li>
      You will submit your application on DAHLIA.
    </li>
    <li>
      MOHCD will run the lottery and post results here on DAHLIA.
    </li>
    <li>
      In lottery rank order, Habitat for Humanity Greater San Francisco will do a credit and background check.
    </li>
    <li>
      MOHCD will check to see if you qualify for the listing. If you qualify, MOHCD will issue you a conditional approval.
    </li>
    <li>
      You must complete 500 hours of sweat equity.
    </li>
    <li>
      Habitat Greater San Francisco will work with you to approve your first mortgage loan.
    </li>
    <li>
      MOHCD will work with you to issue a final approval.
    </li>
    <li>
      MOHCD and Habitat Greater San Francisco will deliver closing documents to escrow.
    </li>
    <li>
      You can move into your new home!
    </li>
  </ol>
  <h4
    className="text-caps-underline mt-8"
  >
    Income Range
  </h4>
  <p>
    To be eligible for a Habitat for Humanity Greater San Francisco home in this listing, your household income needs to be between 82% and 109.8% AMI as listed below.
  </p>
  <p
    className="mt-4"
  >
    For income calculations, household size includes everyone (all ages) living in the unit.
  </p>
  <p
    className="mt-4"
  >
    <p>
      People in your household may need 
      <a
        href="https://sfmohcd.org/special-calculations-household-income"
        target="_blank"
      >
        special income calculations
      </a>
       if they:
    </p>
  </p>
  <ul
    className="list-disc ml-6"
  >
    <li>
      Are full-time students (but not the primary applicant).
    </li>
    <li>
      Receive non-taxable income (non-taxable income might include SSI, SSDI, child support payments, and workerâ€™s compensation benefits).
    </li>
  </ul>
  <p
    className="mt-4"
  >
    Your income must be in this range:
  </p>
</div>
`;

exports[`ListingDetailsHabitat does not display when not habitat listing 1`] = `null`;
