// Jest Snapshot v1, https://goo.gl/fbAQLP

exports[`ListingDetailsUnitAccordion displays the unit accordions for a given listing 1`] = `
<DocumentFragment>
  <div
    class="flex justify-center"
  >
    <span
      class="ui-icon ui-large spinner-animation"
    >
      <svg
        fill="currentColor"
        viewBox="0 0 100 100"
      >
        <circle
          cx="50"
          cy="50"
          fill="none"
          r="32"
          stroke="currentColor"
          stroke-dasharray="150.79644737231007 52.26548245743669"
          stroke-width="9"
        />
      </svg>
    </span>
  </div>
</DocumentFragment>
`;
