// Jest Snapshot v1, https://goo.gl/fbAQLP

exports[`ListingDetailsLotteryInfo displays when listing has upcoming lottery 1`] = `
<DocumentFragment>
  <div
    class="border-b border-gray-400 md:border-b-0"
  >
    <section
      class="aside-block "
    >
      <h4
        class="text__underline-weighted"
      >
        Lottery
      </h4>
      <div
        class="text-sm text-gray-750"
      >
        <p
          class="flex justify-between mb-4"
        >
          <span>
            March 22, 2023
          </span>
          <span
            class="font-bold"
          >
            6:00 pm
          </span>
        </p>
        <div
          class="text-gray-700"
        >
          <div>
            <p>
              The lottery will not be in person, but instead will be a virtual lottery.
            </p>
            <p>
              Â 
            </p>
            <p>
              Come back to this page on the day of the lottery for a link you can click on to watch the lottery live.
            </p>
            <p>
              <br />
            </p>
            <p>
              <br />
            </p>
          </div>
        </div>
        <p
          class="mt-4 text-gray-700"
        >
          An open lottery will be held to draw numbers to determine selection. Attendance is optional.
        </p>
      </div>
    </section>
  </div>
  <div
    class="border-b border-gray-400 md:border-b-0"
  >
    <section
      class="aside-block "
    >
      <h4
        class="text__underline-weighted"
      >
        Lottery Results
      </h4>
      <div
        class="text-sm text-gray-750"
      >
        <p
          class="mb-4"
        >
          March 23, 2023
        </p>
        <p
          class="text-gray-700"
        >
          Complete lottery results will be posted on this date by 5 pm.
        </p>
      </div>
    </section>
  </div>
</DocumentFragment>
`;

exports[`ListingDetailsLotteryInfo does not display when listing has a completed lottery 1`] = `<DocumentFragment />`;

exports[`ListingDetailsLotteryInfo does not display when listing has no lottery date 1`] = `<DocumentFragment />`;

exports[`ListingDetailsLotteryInfo does not display when listing is open 1`] = `<DocumentFragment />`;
